// Jest Snapshot v1, https://goo.gl/fbAQLP

exports[`modules/datasource/custom/index getReleases return releases from nginx directory listing 1`] = `
{
  "releases": [
    {
      "version": "nginx-0.1.0.tar.gz",
    },
    {
      "version": "nginx-0.1.1.tar.gz",
    },
    {
      "version": "nginx-0.1.11.tar.gz",
    },
  ],
}
`;
